// Jest Snapshot v1, https://goo.gl/fbAQLP

exports[`failed activation 1`] = `"There was an error: [\\"token expired\\"]"`;
