// Jest Snapshot v1, https://goo.gl/fbAQLP

exports[`rejects the promise if there is an error 1`] = `[Error: Trunalimunumaprzure!]`;
